Git Commands:

krish@pranav MINGW64 ~/Documents
$ git config --global user.name "KrishnaPranav"

krish@pranav MINGW64 ~/Documents
$ git config --global user.email "pranav9966.sondur@gmail.com"

krish@pranav MINGW64 ~/Documents
$ git config --global --list
core.editor="C:\Users\krish\AppData\Local\Programs\Microsoft VS Code\bin\code" --wait
core.longpaths=true
user.email=pranav9966.sondur@gmail.com
user.name=KrishnaPranav

krish@pranav MINGW64 ~/Documents
$ cd ^[[200~C:\Users\krish\OneDrive\Documents\Digital Nurture 4.0\Week-8 Solutions~
bash: cd: too many arguments

krish@pranav MINGW64 ~/Documents
$ cd "C:\Users\krish\OneDrive\Documents\Digital Nurture 4.0\Week-8 Solutions"

krish@pranav MINGW64 ~/OneDrive/Documents/Digital Nurture 4.0/Week-8 Solutions (master)
$ mkdir GitDemo

krish@pranav MINGW64 ~/OneDrive/Documents/Digital Nurture 4.0/Week-8 Solutions (master)
$ cd GitDemo

krish@pranav MINGW64 ~/OneDrive/Documents/Digital Nurture 4.0/Week-8 Solutions/GitDemo (master)
$ echo "Welcome to GitDemo" > welcome.txt

krish@pranav MINGW64 ~/OneDrive/Documents/Digital Nurture 4.0/Week-8 Solutions/GitDemo (master)
$ git status
On branch master
Untracked files:
  (use "git add <file>..." to include in what will be committed)
        ../../Output-1.png
        ../../Output-2.png
        ../../Output-3.png
        ../

nothing added to commit but untracked files present (use "git add" to track)

krish@pranav MINGW64 ~/OneDrive/Documents/Digital Nurture 4.0/Week-8 Solutions/GitDemo (master)
$ git add welcome.txt
warning: in the working copy of 'Week-8 Solutions/GitDemo/welcome.txt', LF will be replaced by CRLF the next time Git touches it

krish@pranav MINGW64 ~/OneDrive/Documents/Digital Nurture 4.0/Week-8 Solutions/GitDemo (master)
$ git commit -m "Add Welcome.txt"
[master b4ad066] Add Welcome.txt
 1 file changed, 1 insertion(+)
 create mode 100644 Week-8 Solutions/GitDemo/welcome.txt

krish@pranav MINGW64 ~/OneDrive/Documents/Digital Nurture 4.0/Week-8 Solutions/GitDemo (master)
$ git push origin master
Enumerating objects: 6, done.
Counting objects: 100% (6/6), done.
Delta compression using up to 8 threads
Compressing objects: 100% (2/2), done.
Writing objects: 100% (5/5), 402 bytes | 100.00 KiB/s, done.
Total 5 (delta 1), reused 0 (delta 0), pack-reused 0 (from 0)
remote: Resolving deltas: 100% (1/1), completed with 1 local object.
To https://github.com/SonduruKrishnaPranav1/Java-FSE-Exercises.git
   e5c29c0..b4ad066  master -> master

